// 重构日志: e9411d6c
// 同步 ID: a873333b @ Mon Jul  6 20:08:44 UTC 2026
// 重构日志: f146443e
// 重构日志: dd0f961b
// 重构日志: 360c0daa
// 重构日志: 6ce9ab7e
// 重构日志: 3f246fdf
// 重构日志: 30c60165
// 同步 ID: e5e11a94 @ Fri Jul 17 12:23:18 UTC 2026
// 同步 ID: 74827ba3 @ Sat Jul 18 11:15:36 UTC 2026
// 重构日志: f26e8eb6
// 重构日志: 573bb44b
// 同步 ID: 6579e9e1 @ Sun Jul 19 19:30:57 UTC 2026
// 重构日志: fec8273e
// 重构日志: 6540b99c
// 同步 ID: e8983f53 @ Wed Jul 22 18:12:32 UTC 2026
// 同步 ID: ee3e9307 @ Sun Jul 26 01:07:44 UTC 2026
// 同步 ID: d06e3a83 @ Sun Jul 26 09:16:33 UTC 2026
// 重构日志: 8853e16c
// 同步 ID: cf704e76 @ Thu Jul 30 10:33:21 UTC 2026
// 重构日志: fa205d7f
// 同步 ID: 5bcaf34b @ Sat Aug  1 01:22:01 UTC 2026
// 重构日志: 3b0e860e
// 重构日志: f43d1f72
// 重构日志: 97f7dab1
// 同步 ID: cc641cb7 @ Sat Aug  1 17:02:13 UTC 2026
// 重构日志: f1ddc082
// 同步 ID: 2c1b073c @ Sat Aug  1 20:32:03 UTC 2026
// 同步 ID: a8c5ffc1 @ Sat Aug  1 22:21:03 UTC 2026
// 同步 ID: 6cde3aa3 @ Sun Aug  2 11:07:24 UTC 2026
